[GRAB TEST] attach=True coords=(1331, 565) ctrl=yes cef_hwnd=399994
[GRAB TEST] idle baseline avg=165.02
[GRAB TEST] press rate: hold=60ms gap=110ms (max ~5.9 presses/sec)
[GRAB TEST] FAST MODE: re-pressing continuously, checking flow every poll
[GRAB TEST]   mic is FREE (idle) - pressing and HOLDING
[AUDIO ROUTE] Broadcasting to #20 'CABLE Input (VB-Audio Virtual Cable) [windows directsound]' (44100Hz, 2ch, Peak 14971/32767)...
[GRAB TEST]   after hold: speaker='KaeKaeToad' owned=True
[GRAB TEST] GRAB OK (fast) - 1 presses in 1.09s
[CEF TALK CONTROLLER] Releasing microphone...
[CEF TALK CONTROLLER] Microphone released. Mic is free for the room.
{
 "held": true,
 "method": "win32_fast",
 "tries": 1,
 "fast_mode": true,
 "presses": 1,
 "time_to_grab_s": 1.09,
 "coords": [
  1331,
  565
 ],
 "released": true,
 "ok": true
}
