[GRAB TEST] attach=True coords=(1331, 565) ctrl=yes cef_hwnd=399994
[GRAB TEST] idle baseline avg=185.82
[GRAB TEST] press rate: hold=60ms gap=110ms (max ~5.9 presses/sec)
[GRAB TEST] FAST MODE: re-pressing continuously, checking flow every poll
[GRAB TEST]   flow=65.0  speaker='Shtickie'  owned=False  (presses=3 t=1.11s)
[GRAB TEST]   flow=65.0  speaker='Shtickie'  owned=False  (presses=6 t=1.73s)
[GRAB TEST]   flow=66.9  speaker='Shtickie'  owned=False  (presses=9 t=2.53s)
[GRAB TEST]   flow=66.9  speaker='Shtickie'  owned=False  (presses=12 t=3.19s)
[GRAB TEST]   flow=65.0  speaker='Shtickie'  owned=False  (presses=15 t=4.01s)
[GRAB TEST]   flow=65.0  speaker='Shtickie'  owned=False  (presses=18 t=4.73s)
[GRAB TEST]   flow=66.9  speaker='Shtickie'  owned=False  (presses=21 t=5.64s)
[GRAB TEST]   flow=65.0  speaker='Shtickie'  owned=False  (presses=24 t=6.33s)
[GRAB TEST]   flow=66.0  speaker='Shtickie'  owned=False  (presses=27 t=7.10s)
[GRAB TEST]   flow=65.0  speaker='Shtickie'  owned=False  (presses=30 t=7.83s)
[GRAB TEST]   flow=65.0  speaker='Shtickie'  owned=False  (presses=33 t=8.70s)
[GRAB TEST]   flow=66.6  speaker='Shtickie'  owned=False  (presses=36 t=9.39s)
[GRAB TEST]   flow=66.0  speaker=''  owned=False  (presses=39 t=10.26s)
[GRAB TEST]   mic is FREE (idle) - pressing and HOLDING
[AUDIO ROUTE] Broadcasting to #20 'CABLE Input (VB-Audio Virtual Cable) [windows directsound]' (44100Hz, 2ch, Peak 18530/32767)...
[GRAB TEST]   after hold: speaker='Shtickie' owned=False
[CEF TALK CONTROLLER] Releasing microphone...
[CEF TALK CONTROLLER] Microphone released. Mic is free for the room.
[GRAB TEST]   mic is FREE (idle) - pressing and HOLDING
[AUDIO ROUTE] Broadcasting to #20 'CABLE Input (VB-Audio Virtual Cable) [windows directsound]' (44100Hz, 2ch, Peak 18530/32767)...
[AUDIO ROUTE] Broadcast completed cleanly through 'CABLE Input (VB-Audio Virtual Cable) [windows directsound]'.
