[GRAB TEST] attach=True coords=(1331, 565) ctrl=yes cef_hwnd=399994
[GRAB TEST] idle baseline avg=151.69
[GRAB TEST] attempt 1: mouse_hold -> no flow (flow_red=112.7 needs <110, button=138.48) at 0.58s
[GRAB TEST] attempt 2: mouse_hold -> no flow (flow_red=115.4 needs <110, button=138.48) at 1.30s
[GRAB TEST] attempt 3: cef_hwnd -> no flow (flow_red=115.4 needs <110, button=138.48) at 1.72s
[GRAB TEST]     (flow is active but the speaker is 'Shtickie' - not us)
[GRAB TEST] attempt 4: uia -> no flow (flow_red=66.6 needs <110, button=151.69) at 2.50s
[GRAB TEST] attempt 5: mouse_hold -> no flow (flow_red=115.4 needs <110, button=138.48) at 3.22s
[GRAB TEST] attempt 6: mouse_hold -> no flow (flow_red=115.4 needs <110, button=138.48) at 3.93s
[GRAB TEST] attempt 7: cef_hwnd -> no flow (flow_red=113.2 needs <110, button=138.48) at 4.35s
[GRAB TEST]     (flow is active but the speaker is 'Shtickie' - not us)
[GRAB TEST] attempt 8: uia -> no flow (flow_red=66.6 needs <110, button=151.69) at 4.87s
[GRAB TEST] attempt 9: mouse_hold -> no flow (flow_red=112.7 needs <110, button=138.48) at 5.57s
[GRAB TEST] attempt 10: mouse_hold -> no flow (flow_red=115.4 needs <110, button=138.48) at 6.29s
[GRAB TEST] attempt 11: cef_hwnd -> no flow (flow_red=115.4 needs <110, button=138.48) at 6.71s
[GRAB TEST]     (flow is active but the speaker is 'Shtickie' - not us)
[GRAB TEST] attempt 12: uia -> no flow (flow_red=66.6 needs <110, button=151.69) at 7.26s
[GRAB TEST] attempt 13: mouse_hold -> no flow (flow_red=115.4 needs <110, button=138.48) at 7.97s
[GRAB TEST] attempt 14: mouse_hold -> no flow (flow_red=112.7 needs <110, button=138.48) at 8.69s
[GRAB TEST] attempt 15: cef_hwnd -> no flow (flow_red=115.4 needs <110, button=138.48) at 9.11s
[GRAB TEST]     (flow is active but the speaker is 'Shtickie' - not us)
[GRAB TEST] attempt 16: uia -> no flow (flow_red=66.6 needs <110, button=151.69) at 9.64s
[GRAB TEST] attempt 17: mouse_hold -> no flow (flow_red=113.2 needs <110, button=138.48) at 10.36s
[GRAB TEST] attempt 18: mouse_hold -> no flow (flow_red=115.4 needs <110, button=138.48) at 11.05s
[GRAB TEST] attempt 19: cef_hwnd -> no flow (flow_red=115.4 needs <110, button=138.48) at 11.47s
[GRAB TEST]     (flow is active but the speaker is 'Shtickie' - not us)
[GRAB TEST] attempt 20: uia -> no flow (flow_red=66.6 needs <110, button=151.69) at 11.98s
[GRAB TEST] attempt 21: mouse_hold -> no flow (flow_red=115.4 needs <110, button=138.48) at 12.68s
[GRAB TEST] attempt 22: mouse_hold -> no flow (flow_red=115.4 needs <110, button=138.48) at 13.39s
[GRAB TEST] attempt 23: cef_hwnd -> no flow (flow_red=115.4 needs <110, button=138.48) at 13.81s
[GRAB TEST]     (flow is active but the speaker is 'Shtickie' - not us)
[GRAB TEST] attempt 24: uia -> no flow (flow_red=60.3 needs <110, button=151.69) at 14.34s
[GRAB TEST] attempt 25: mouse_hold -> AUDIO FLOW CONFIRMED via mouse_hold (flow_red=108.6, button=138.48) after 16.12s
[GRAB TEST] FAST MODE: re-pressing continuously, checking flow every poll
[GRAB TEST]   flow=59.8  speaker='Shtickie'  owned=False  (presses=12 t=0.37s)
[GRAB TEST]   flow=58.3  speaker='__dJ'  owned=False  (presses=18 t=0.62s)
[GRAB TEST]   flow=58.3  speaker='Shtickie'  owned=False  (presses=21 t=0.80s)
[GRAB TEST]   flow=59.4  speaker='Shtickie'  owned=False  (presses=24 t=0.99s)
[GRAB TEST]   flow=60.3  speaker='__dJ'  owned=False  (presses=30 t=1.23s)
[GRAB TEST]   flow=59.4  speaker='Shtickie'  owned=False  (presses=33 t=1.61s)
[GRAB TEST]   flow=60.3  speaker='Shtickie'  owned=False  (presses=36 t=1.80s)
[GRAB TEST]   flow=60.3  speaker='__d'  owned=False  (presses=42 t=2.05s)
[GRAB TEST]   flow=108.6  speaker='Shtickie'  owned=False  (presses=45 t=2.41s)
[GRAB TEST]   flow=58.3  speaker='Shtickie'  owned=False  (presses=48 t=2.60s)
[GRAB TEST]   flow=58.3  speaker='__d'  owned=False  (presses=51 t=2.78s)
[GRAB TEST]   flow=67.0  speaker=''  owned=False  (presses=585 t=9.32s)
[GRAB TEST]   flow=67.0  speaker=''  owned=False  (presses=588 t=9.53s)
[GRAB TEST]   flow=67.0  speaker=''  owned=False  (presses=591 t=9.76s)
[GRAB TEST]   flow=67.0  speaker=''  owned=False  (presses=594 t=9.97s)
[GRAB TEST]   flow=67.0  speaker=''  owned=False  (presses=597 t=10.19s)
[GRAB TEST]   flow=67.0  speaker=''  owned=False  (presses=600 t=10.41s)
[GRAB TEST]   flow=73.4  speaker=''  owned=False  (presses=615 t=10.87s)
[GRAB TEST]   flow=73.4  speaker=''  owned=False  (presses=618 t=11.08s)
[GRAB TEST]   flow=73.4  speaker=''  owned=False  (presses=621 t=11.29s)
[GRAB TEST]   flow=73.4  speaker=''  owned=False  (presses=624 t=11.51s)
[GRAB TEST]   flow=73.4  speaker=''  owned=False  (presses=627 t=11.72s)
[GRAB TEST]   flow=73.4  speaker=''  owned=False  (presses=630 t=11.93s)
[GRAB TEST]   flow=73.4  speaker=''  owned=False  (presses=633 t=12.11s)
[GRAB TEST]   flow=73.4  speaker=''  owned=False  (presses=636 t=12.31s)
[GRAB TEST]   flow=73.4  speaker=''  owned=False  (presses=639 t=12.49s)
[GRAB TEST]   flow=73.4  speaker=''  owned=False  (presses=642 t=12.70s)
[GRAB TEST]   flow=67.0  speaker=''  owned=False  (presses=717 t=13.81s)
[GRAB TEST]   flow=67.0  speaker=''  owned=False  (presses=720 t=14.01s)
[GRAB TEST]   flow=67.0  speaker='Shtickie'  owned=False  (presses=723 t=14.22s)
[GRAB TEST]   flow=67.0  speaker='Shtickie'  owned=False  (presses=726 t=14.40s)
[GRAB TEST]   flow=67.0  speaker='Shtickie'  owned=False  (presses=729 t=14.56s)
[GRAB TEST]   flow=67.0  speaker='Shtickie'  owned=False  (presses=732 t=14.74s)
[GRAB TEST]   flow=59.8  speaker='Shtickie'  owned=False  (presses=735 t=14.92s)
[GRAB TEST]   flow=59.8  speaker='Shtickie'  owned=False  (presses=738 t=15.10s)
[GRAB TEST]   flow=59.8  speaker='Shtickie'  owned=False  (presses=741 t=15.28s)
[GRAB TEST]   flow=60.7  speaker='Shtickie'  owned=False  (presses=744 t=15.45s)
[GRAB TEST]   flow=60.7  speaker='Shtickie'  owned=False  (presses=747 t=15.62s)
[GRAB TEST]   flow=60.7  speaker='Shtickie'  owned=False  (presses=750 t=15.78s)
[GRAB TEST]   flow=58.7  speaker='Shtickie'  owned=False  (presses=753 t=15.95s)
[GRAB TEST]   flow=58.7  speaker='Shtickie'  owned=False  (presses=756 t=16.12s)
[GRAB TEST]   flow=58.7  speaker='Shtickie'  owned=False  (presses=759 t=16.28s)
[GRAB TEST]   flow=58.7  speaker='Shtickie'  owned=False  (presses=762 t=16.45s)
[GRAB TEST]   flow=59.8  speaker='Shtickie'  owned=False  (presses=765 t=16.61s)
[GRAB TEST]   flow=59.8  speaker='Shtickie'  owned=False  (presses=768 t=16.77s)
[GRAB TEST]   flow=59.8  speaker='Shtickie'  owned=False  (presses=771 t=16.94s)
[GRAB TEST]   flow=58.7  speaker='Shtickie'  owned=False  (presses=774 t=17.10s)
[GRAB TEST]   flow=60.7  speaker='Shtickie'  owned=False  (presses=777 t=17.26s)
[GRAB TEST]   flow=59.8  speaker='Shtickie'  owned=False  (presses=780 t=17.41s)
[GRAB TEST]   flow=59.8  speaker='Shtickie'  owned=False  (presses=783 t=17.57s)
[GRAB TEST]   flow=59.8  speaker='Shtickie'  owned=False  (presses=786 t=17.74s)
[GRAB TEST]   flow=59.8  speaker='Shtickie'  owned=False  (presses=789 t=17.90s)
[GRAB TEST]   flow=60.7  speaker='Shtickie'  owned=False  (presses=792 t=18.07s)
