[GRAB TEST] attach=True coords=(1331, 565) ctrl=yes cef_hwnd=399994
[GRAB TEST] idle baseline avg=194.35
[GRAB TEST]     (flow is active but the speaker is 'SHANKS' - not us)
[GRAB TEST] attempt 1: mouse_hold -> no flow (flow_red=65.0 needs <110, button=194.35) at 0.92s
[GRAB TEST]     (flow is active but the speaker is 'SHANKS' - not us)
[GRAB TEST] attempt 2: mouse_hold -> no flow (flow_red=65.0 needs <110, button=194.35) at 1.69s
[GRAB TEST]     (flow is active but the speaker is 'SHANKS' - not us)
[GRAB TEST] attempt 3: cef_hwnd -> no flow (flow_red=65.0 needs <110, button=194.35) at 2.14s
[GRAB TEST]     (flow is active but the speaker is 'SHANKS' - not us)
[GRAB TEST] attempt 4: uia -> no flow (flow_red=68.3 needs <110, button=194.35) at 2.76s
[GRAB TEST]     (flow is active but the speaker is 'SHANKS' - not us)
[GRAB TEST] attempt 5: mouse_hold -> no flow (flow_red=65.0 needs <110, button=194.35) at 3.49s
[GRAB TEST]     (flow is active but the speaker is 'SHANKS' - not us)
[GRAB TEST] attempt 6: mouse_hold -> no flow (flow_red=73.4 needs <110, button=194.35) at 4.22s
[GRAB TEST]     (flow is active but the speaker is 'SHANKS' - not us)
[GRAB TEST] attempt 7: cef_hwnd -> no flow (flow_red=66.0 needs <110, button=194.35) at 4.66s
[GRAB TEST]     (flow is active but the speaker is 'SHANKS' - not us)
[GRAB TEST] attempt 8: uia -> no flow (flow_red=66.9 needs <110, button=194.35) at 5.27s
[GRAB TEST]     (flow is active but the speaker is 'SHANKS' - not us)
[GRAB TEST] attempt 9: mouse_hold -> no flow (flow_red=65.0 needs <110, button=194.35) at 6.01s
[GRAB TEST]     (flow is active but the speaker is 'SHANKS' - not us)
[GRAB TEST] attempt 10: mouse_hold -> no flow (flow_red=65.0 needs <110, button=194.35) at 6.74s
[GRAB TEST]     (flow is active but the speaker is 'SHANKS' - not us)
[GRAB TEST] attempt 11: cef_hwnd -> no flow (flow_red=66.9 needs <110, button=194.35) at 7.18s
[GRAB TEST]     (flow is active but the speaker is 'SHANKS' - not us)
[GRAB TEST] attempt 12: uia -> no flow (flow_red=65.0 needs <110, button=194.35) at 7.77s
[GRAB TEST] GRAB FAILED - mic never stuck. Releasing any partial hold.
[CEF TALK CONTROLLER] Releasing microphone...
[CEF TALK CONTROLLER] Microphone released. Mic is free for the room.
{
 "held": false,
 "method": "",
 "tries": 12,
 "idle_avg": 194.35,
 "flow_red": 65.0,
 "time_to_grab_s": 7.83,
 "coords": [
  1331,
  565
 ],
 "phrase": "should_not_speak",
 "ok": false
}
