[GRAB TEST] attach=True coords=(1331, 565) ctrl=yes cef_hwnd=399994
[GRAB TEST] idle baseline avg=165.02
[GRAB TEST] attempt 1: mouse_hold -> PIXEL-VERIFIED OPEN via mouse_hold (idle=165.02 held=138.48) after 0.45s
[GRAB TEST] GRAB OK via mouse_hold after 1 attempt(s); mic is open.
[GRAB TEST] releasing mic...
[CEF TALK CONTROLLER] Releasing microphone...
[CEF TALK CONTROLLER] Microphone released. Mic is free for the room.
[GRAB TEST] released=True, holding now=False
{
 "held": true,
 "method": "mouse_hold",
 "tries": 1,
 "idle_avg": 165.02,
 "time_to_grab_s": 0.59,
 "coords": [
  1331,
  565
 ],
 "phrase": "",
 "released": true,
 "ok": true
}
