[GRAB TEST] attach=True coords=(1331, 565) ctrl=yes cef_hwnd=399994
[GRAB TEST] idle baseline avg=182.62
[GRAB TEST]     (flow is active but the speaker is 'zakkaz' - not us)
[GRAB TEST] attempt 1: mouse_hold -> no flow (flow_red=73.4 needs <110, button=194.35) at 0.86s
[GRAB TEST]     (flow is active but the speaker is 'zakkaz' - not us)
[GRAB TEST] attempt 2: mouse_hold -> no flow (flow_red=66.9 needs <110, button=194.35) at 1.62s
[GRAB TEST]     (flow is active but the speaker is 'zakkaz' - not us)
[GRAB TEST] attempt 3: cef_hwnd -> no flow (flow_red=65.0 needs <110, button=194.35) at 2.03s
[GRAB TEST]     (flow is active but the speaker is 'zakkaz' - not us)
[GRAB TEST] attempt 4: uia -> no flow (flow_red=65.0 needs <110, button=194.35) at 2.62s
[GRAB TEST]     (flow is active but the speaker is 'zakkaz' - not us)
[GRAB TEST] attempt 5: mouse_hold -> no flow (flow_red=65.0 needs <110, button=194.35) at 3.31s
[GRAB TEST]     (flow is active but the speaker is 'zakkaz' - not us)
[GRAB TEST] attempt 6: mouse_hold -> no flow (flow_red=66.9 needs <110, button=194.35) at 4.00s
[GRAB TEST]     (flow is active but the speaker is 'zakkaz' - not us)
[GRAB TEST] attempt 7: cef_hwnd -> no flow (flow_red=65.0 needs <110, button=194.35) at 4.41s
[GRAB TEST]     (flow is active but the speaker is 'zakkaz' - not us)
[GRAB TEST] attempt 8: uia -> no flow (flow_red=65.0 needs <110, button=194.35) at 4.97s
[GRAB TEST] GRAB FAILED - mic never stuck. Releasing any partial hold.
[CEF TALK CONTROLLER] Releasing microphone...
[CEF TALK CONTROLLER] Microphone released. Mic is free for the room.
{
 "held": false,
 "method": "",
 "tries": 8,
 "idle_avg": 182.62,
 "flow_red": 65.0,
 "time_to_grab_s": 5.02,
 "coords": [
  1331,
  565
 ],
 "phrase": "should_stay_quiet",
 "ok": false
}
