[GRAB TEST] attach=True coords=(1326, 1182) ctrl=yes cef_hwnd=399994
[GRAB TEST] idle baseline avg=194.35
[GRAB TEST] press rate: hold=60ms gap=110ms (max ~5.9 presses/sec)
[GRAB TEST] FAST MODE: re-pressing continuously, checking flow every poll
[GRAB TEST]   flow=65.0  speaker='RosiePhone'  owned=False  (presses=3 t=0.81s)
[GRAB TEST]   flow=65.0  speaker='RosiePhone'  owned=False  (presses=6 t=1.49s)
[GRAB TEST]   flow=66.9  speaker='RosiePhone'  owned=False  (presses=9 t=2.34s)
[GRAB TEST]   flow=65.0  speaker='RosiePhone'  owned=False  (presses=12 t=3.06s)
[GRAB TEST]   flow=65.0  speaker='RosiePhone'  owned=False  (presses=15 t=3.88s)
[GRAB TEST]   flow=65.0  speaker='RosiePhone'  owned=False  (presses=18 t=4.53s)
[GRAB TEST]   flow=65.0  speaker='RosiePhone'  owned=False  (presses=21 t=5.29s)
[GRAB TEST]   flow=66.9  speaker='RosiePhone'  owned=False  (presses=24 t=5.98s)
[GRAB TEST]   mic is FREE (idle) - pressing and HOLDING
[AUDIO ROUTE] Broadcasting to #17 'CABLE Input (VB-Audio Virtual Cable) [windows directsound]' (44100Hz, 2ch, Peak 13677/32767)...
[GRAB TEST]   after hold: speaker='KaeKaeToad' owned=True
[GRAB TEST] GRAB OK (fast) - 27 presses in 7.41s
[CEF TALK CONTROLLER] Releasing microphone...
[CEF TALK CONTROLLER] Microphone released. Mic is free for the room.
{
 "held": true,
 "method": "win32_fast",
 "tries": 27,
 "fast_mode": true,
 "presses": 27,
 "time_to_grab_s": 7.41,
 "coords": [
  1326,
  1182
 ],
 "released": true,
 "ok": true
}
