Traceback (most recent call last):
  File "C:\Users\newbe\AIBot\kaekae_bot.py", line 4873, in main
    claim_and_dispatch(clean_u, t, m, source="cef_automation")
  File "C:\Users\newbe\AIBot\kaekae_bot.py", line 3816, in claim_and_dispatch
    print(f"[CEF CHAT DETECTED] {timestamp} <{clean_u}>: {raw_m}")
  File "C:\Users\newbe\AppData\Local\Programs\Python\Python311\Lib\encodings\cp1252.py", line 19, in encode
    return codecs.charmap_encode(input,self.errors,encoding_table)[0]
           ^^^^^^^^^^^^^^^^^^^^^^^^^^^^^^^^^^^^^^^^^^^^^^^^^^^^^^^
UnicodeEncodeError: 'charmap' codec can't encode character '\U0001f923' in position 55: character maps to <undefined>
Traceback (most recent call last):
  File "C:\Users\newbe\AIBot\kaekae_bot.py", line 4873, in main
    claim_and_dispatch(clean_u, t, m, source="cef_automation")
  File "C:\Users\newbe\AIBot\kaekae_bot.py", line 3816, in claim_and_dispatch
    print(f"[CEF CHAT DETECTED] {timestamp} <{clean_u}>: {raw_m}")
  File "C:\Users\newbe\AppData\Local\Programs\Python\Python311\Lib\encodings\cp1252.py", line 19, in encode
    return codecs.charmap_encode(input,self.errors,encoding_table)[0]
           ^^^^^^^^^^^^^^^^^^^^^^^^^^^^^^^^^^^^^^^^^^^^^^^^^^^^^^^
UnicodeEncodeError: 'charmap' codec can't encode characters in position 43-44: character maps to <undefined>
forrtl: error (200): program aborting due to window-CLOSE event
Image              PC                Routine            Line        Source             
KERNELBASE.dll     00007FFA9F68652D  Unknown               Unknown  Unknown
KERNEL32.DLL       00007FFAA074CD87  Unknown               Unknown  Unknown
ntdll.dll          00007FFAA218CAEC  Unknown               Unknown  Unknown
