============================================================================
  KAEKAE CHAT WORKER (TERMINAL 1: TEXT & CHAT ENGINE)
============================================================================
  Status      : Starting CEF chat monitor (no OCR)...
  Chat writes : DIRECT (this terminal types into the Camfrog chat box)
  Audio Worker: Terminal 2 handles mic capture, STT and the talk button
============================================================================

[CHAT WORKER] Launching dedicated chat loop...
===========================================================================
 KaeKae Camfrog Bot Starting Up...
===========================================================================

===========================================================================
 KAEKAE BOT - NEW MASTER TRIGGERS & COMMAND LIST
===========================================================================

[Chat Triggers & Direct Queries]
  kae / kaekae / kae kae   - Wake triggers anywhere after time/date and username
  kae what time it is      - Instantly returns current exact time & date to caller
  kaekae what time is it   - Instantly returns current exact time & date to caller
  !kk [query]              - Ask KaeKae anything in chat
  !chat                    - Turn chatty mode ON (mingles and comments on room members)
  !chat off                - Turn chatty mode OFF (quiet in room)
  !shutup                  - Mute spontaneous chatter

[Temperament & Continuous 1-Minute Diss System]
  !diss [username]         - Roasts target user (or room). DEPLOYS CONTINUOUS 1-MINUTE INTERVAL ROASTS!
  !chill / chill           - Stop the diss function completely and restore chill mode
  !calm / calm             - Reset temperament to normal
  !tone <temperament>      - Set personality temperament:
                             * angry (aggressive fiery roasts)
                             * terminator (Cyberdyne T-800 dissing everyone in room)
                             * proud (triumphant boastful flexing)
                             * sad (melodramatic emo valley-girl sighs)
                             * funny (witty comedy mode)
                             * happy (bubbly cheerful mode)
                             * savage (brutal roasts)
                             * chill (relaxed laid-back)
                             * normal (standard valley-girl)

[Room & User Intelligence]
  !who / !room / !users    - Paginated list of all room occupants using '(1/N !mo)' format (<=400 chars)
  !mo / y                  - Send the next page of room members, recall results, or grabs
  who is <username>        - Narrative biography from audio & chat history (no mod logs)
  info on <username>       - Statistical profile (Audio/Text Tone, top non-filler word, mic grabs)
  !grabs [user] [duration] - Microphone grab logs with flexible increments from 5 minutes to 72 hours!
                             Examples: !grabs 5m, !grabs 30m, !grabs 1h, !grabs 24h, !grabs 72h
  idk [query] / !idk       - Smart instant answer or funny contextual comeback (Chat & Mic)

[Microphone, Audio & Verbatim Transcripts]
  !listen                  - Turn microphone listening ON
  !mute                    - Turn microphone listening OFF
  !transcribe              - Echo transcribed room speech to Camfrog chat
  !transcribed             - Stop echoing transcribed speech to chat
  !pending / !catchup      - View & transcribe backlogged audio clips
  !recall <term>           - Exact word/acronym search (e.g. '!recall pi' matches 'pi' alone, NOT 'opinion')
  !recall *<term>*         - Wildcard substring search (e.g. '!recall *pi*' matches 'opinion', 'recipe', etc.)
  !verbatim [username]     - Exact word-for-word quotes and mic transcripts for user (or active speaker)
  !verbatimall             - Recent verbatim speech from everyone in the room

[Talk Button / Microphone Control]
  !grab [seconds]          - Hold the Talk button (default 5s, max 30s)
  !release                 - Release the Talk button immediately
  !talkstatus              - Who holds the mic + the active press pattern
  !reloadcoords            - Reload chat/talk coordinates from disk

[Authorized Creator (Papi)]
  Authorized Users: b3_d33, dog3lived, $htickie, b3_dee, dog
  Title: Addressed with respect as 'Papi'
  Short replies: Quick respectful responses ('Yes Sir', 'No Sir', 'Okay Daddy', 'As you wish Pop')
  !say "message"           - Queues a spoken broadcast; the mic grab is VERIFIED
                             (rapid re-press until KaeKae's name holds the room
                             speaker slot for 1 full second) or the broadcast aborts

[Repeat Protection]
  No message is answered twice: each chat message is claimed once (dedupe),
  and KaeKae will not repeat any reply it sent in the past hour.

===========================================================================

[INIT] Loading stored data and runtime state...
[CONFIG] Loaded config from C:\Users\newbe\AIBot\config.json
=================================================================
[BOT STATE RESTORED FROM DISK]
  * Live Transcription: ON
  * Room Listening:     ON
  * Current Tone:       normal
  * Chatty Mode:        ON
  * Cached Signatures:  0 messages
=================================================================
[INIT] Stored data loaded.
[INIT] Connected to Camfrog window! Focused room: 'Players__Lounge, Topic: HAPPY 40TH BIRTHDAY AMY'
[CHAT SENT] (10/01I04:31:52) KaeKae is Alpha Testing, Debugging, and Updating Currently....
[CEF-PROBE] Fast-path Chromium speaker probe background service started.
[AUDIO-FILER] Decoupled async audio chunk archiver started.
[AUDIO THREAD] Microphone streaming disabled in this process (Terminal 2 owns it).
[USER-SCANNER] Real-time Camfrog room member roster tracking started.
[HOTKEY] Keyboard hotkeys initialized (F8 = Transcribe Toggle, ASDF = Listen Toggle).
[HOTKEY] Active: Left-Ctrl + Right-Click is armed to stop transcription.
[CEF CHAT DETECTED] (10/01I04:31:57) <Kicked>: This room is no longer available. (by
[CHAT SENT] OMG 323AM, did you get kicked for being too fabulous? Like, literally, this room...
[CEF CHAT DETECTED] 4:04 AM <fishsticks>: Trish can afford bag of marijuana but can't afford prescription for iron supplements
[CEF CHAT DETECTED] 4:04 AM <Wise_Guy007>: wb monty
[CEF CHAT DETECTED] 4:04 AM <LifesAJourney>: Join:
[CEF CHAT DETECTED] 4:04 AM <LifesAJourney>: u look good
[CEF CHAT DETECTED] 4:04 AM <LifesAJourney>: awww happy birthday xx
[CEF CHAT DETECTED] 4:04 AM <LifesAJourney>: tomorow yes
[CEF CHAT DETECTED] 4:04 AM <LifesAJourney>: she said
[CEF CHAT DETECTED] 4:05 AM <STAN_____>: baby
[CEF CHAT DETECTED] 4:05 AM <LifesAJourney>: i say 27
[CEF CHAT DETECTED] 4:05 AM <LifesAJourney>: lol
[CEF CHAT DETECTED] 4:05 AM <fishsticks>: get your priorities straight you deadbeat mother kids deserve better than stoned lazy cunt as mother
[CEF CHAT DETECTED] 4:05 AM <SATCH>: Jayde’s 40 soon
[CEF CHAT DETECTED] 4:05 AM <MexiKant>: mine saturday
[CEF CHAT DETECTED] 4:05 AM <zakkaz>: Tricon and Monty and who else jayde
[CEF CHAT DETECTED] 4:05 AM <zakkaz>: I swear it was someone else yesterday
[CEF CHAT DETECTED] 4:05 AM <zakkaz>: Ahh yeah
[CEF CHAT DETECTED] 4:05 AM <Wise_Guy007>: lol
[CEF CHAT DETECTED] 4:05 AM <LifesAJourney>: season naaaan
[CEF CHAT DETECTED] 4:05 AM <fishsticks>: jaybird die soon chrones die earlier
[CEF CHAT DETECTED] 4:05 AM <Missmonty92x>: lol
[CEF CHAT DETECTED] 4:05 AM <Pirate_Agent_>: lol
[CEF CHAT DETECTED] 4:05 AM <fishsticks>: it's just fact
[CEF CHAT DETECTED] 4:05 AM <fishsticks>: lowers life span
[CEF CHAT DETECTED] 4:05 AM <SATCH>: Just around the corner
[CEF CHAT DETECTED] 4:05 AM <fishsticks>: yes it is
[CEF CHAT DETECTED] 4:05 AM <zakkaz>: lol
[CEF CHAT DETECTED] 4:06 AM <fishsticks>: you going die alone in pill of shit jayde
[CEF CHAT DETECTED] 4:06 AM <fishsticks>: pile
[CEF CHAT DETECTED] 4:06 AM <zakkaz>: On flange
[CEF CHAT DETECTED] 4:06 AM <Wise_Guy007>: haaaaaaaaaaaaa
