[GRAB TEST] attach=True coords=(1331, 565) ctrl=yes cef_hwnd=399994
[GRAB TEST] idle baseline avg=151.69
[GRAB TEST] press rate: hold=60ms gap=110ms (max ~5.9 presses/sec)
[GRAB TEST] FAST MODE: re-pressing continuously, checking flow every poll
[GRAB TEST]   flow=66.6  speaker=''  owned=False  (presses=6 t=1.85s)
[GRAB TEST]   flow=66.6  speaker=''  owned=False  (presses=9 t=2.68s)
[GRAB TEST]   mic is FREE (idle) - single press instead of a burst
[GRAB TEST]   after free-mic press: speaker='' owned=False
[GRAB TEST]   mic is FREE (idle) - single press instead of a burst
[GRAB TEST]   after free-mic press: speaker='' owned=False
[GRAB TEST]   mic is FREE (idle) - single press instead of a burst
[GRAB TEST]   after free-mic press: speaker='' owned=False
[GRAB TEST]   mic is FREE (idle) - single press instead of a burst
[GRAB TEST]   after free-mic press: speaker='' owned=False
[GRAB TEST]   mic is FREE (idle) - single press instead of a burst
[GRAB TEST]   after free-mic press: speaker='' owned=False
[GRAB TEST]   mic is FREE (idle) - single press instead of a burst
[GRAB TEST]   after free-mic press: speaker='' owned=False
[GRAB TEST]   mic is FREE (idle) - single press instead of a burst
[GRAB TEST]   after free-mic press: speaker='' owned=False
[GRAB TEST]   mic is FREE (idle) - single press instead of a burst
[GRAB TEST]   after free-mic press: speaker='' owned=False
[GRAB TEST]   mic is FREE (idle) - single press instead of a burst
[GRAB TEST]   after free-mic press: speaker='' owned=False
[GRAB TEST]   mic is FREE (idle) - single press instead of a burst
[GRAB TEST]   after free-mic press: speaker='' owned=False
[GRAB TEST]   mic is FREE (idle) - single press instead of a burst
[GRAB TEST]   after free-mic press: speaker='' owned=False
[GRAB TEST]   mic is FREE (idle) - single press instead of a burst
[GRAB TEST]   after free-mic press: speaker='' owned=False
[GRAB TEST]   mic is FREE (idle) - single press instead of a burst
[GRAB TEST]   after free-mic press: speaker='' owned=False
[GRAB TEST]   mic is FREE (idle) - single press instead of a burst
[GRAB TEST]   after free-mic press: speaker='' owned=False
[GRAB TEST]   mic is FREE (idle) - single press instead of a burst
[GRAB TEST]   after free-mic press: speaker='' owned=False
[GRAB TEST]   mic is FREE (idle) - single press instead of a burst
[GRAB TEST]   after free-mic press: speaker='' owned=False
[GRAB TEST]   mic is FREE (idle) - single press instead of a burst
[GRAB TEST]   after free-mic press: speaker='' owned=False
[GRAB TEST]   mic is FREE (idle) - single press instead of a burst
[GRAB TEST]   after free-mic press: speaker='' owned=False
[GRAB TEST]   mic is FREE (idle) - single press instead of a burst
[GRAB TEST]   after free-mic press: speaker='' owned=False
[GRAB TEST]   mic is FREE (idle) - single press instead of a burst
[GRAB TEST]   after free-mic press: speaker='' owned=False
[GRAB TEST]   mic is FREE (idle) - single press instead of a burst
[GRAB TEST]   after free-mic press: speaker='' owned=False
[GRAB TEST]   mic is FREE (idle) - single press instead of a burst
[GRAB TEST]   after free-mic press: speaker='' owned=False
[GRAB TEST]   mic is FREE (idle) - single press instead of a burst
[GRAB TEST]   after free-mic press: speaker='' owned=False
[GRAB TEST]   mic is FREE (idle) - single press instead of a burst
[GRAB TEST]   after free-mic press: speaker='' owned=False
[GRAB TEST]   mic is FREE (idle) - single press instead of a burst
[GRAB TEST]   after free-mic press: speaker='' owned=False
[GRAB TEST]   mic is FREE (idle) - single press instead of a burst
[GRAB TEST]   after free-mic press: speaker='' owned=False
[GRAB TEST]   mic is FREE (idle) - single press instead of a burst
[GRAB TEST]   after free-mic press: speaker='' owned=False
[GRAB TEST]   mic is FREE (idle) - single press instead of a burst
[GRAB TEST]   after free-mic press: speaker='' owned=False
[GRAB TEST]   mic is FREE (idle) - single press instead of a burst
[GRAB TEST]   after free-mic press: speaker='' owned=False
[GRAB TEST]   mic is FREE (idle) - single press instead of a burst
[GRAB TEST]   after free-mic press: speaker='' owned=False
[GRAB TEST]   mic is FREE (idle) - single press instead of a burst
[GRAB TEST]   after free-mic press: speaker='' owned=False
[GRAB TEST]   mic is FREE (idle) - single press instead of a burst
[GRAB TEST]   after free-mic press: speaker='' owned=False
[GRAB TEST]   mic is FREE (idle) - single press instead of a burst
[GRAB TEST]   after free-mic press: speaker='' owned=False
[GRAB TEST]   mic is FREE (idle) - single press instead of a burst
[GRAB TEST]   after free-mic press: speaker='' owned=False
[GRAB TEST]   mic is FREE (idle) - single press instead of a burst
[GRAB TEST]   after free-mic press: speaker='' owned=False
[GRAB TEST]   mic is FREE (idle) - single press instead of a burst
[GRAB TEST]   after free-mic press: speaker='' owned=False
[GRAB TEST]   mic is FREE (idle) - single press instead of a burst
[GRAB TEST]   after free-mic press: speaker='' owned=False
[GRAB TEST]   mic is FREE (idle) - single press instead of a burst
[GRAB TEST]   after free-mic press: speaker='' owned=False
[GRAB TEST]   mic is FREE (idle) - single press instead of a burst
[GRAB TEST]   after free-mic press: speaker='' owned=False
[GRAB TEST]   mic is FREE (idle) - single press instead of a burst
[GRAB TEST]   after free-mic press: speaker='' owned=False
[GRAB TEST]   mic is FREE (idle) - single press instead of a burst
[GRAB TEST]   after free-mic press: speaker='' owned=False
[GRAB TEST]   mic is FREE (idle) - single press instead of a burst
[GRAB TEST]   after free-mic press: speaker='' owned=False
[GRAB TEST]   mic is FREE (idle) - single press instead of a burst
[GRAB TEST]   after free-mic press: speaker='' owned=False
[GRAB TEST]   mic is FREE (idle) - single press instead of a burst
[GRAB TEST]   after free-mic press: speaker='' owned=False
[GRAB TEST] GRAB FAILED (fast) after 54 presses
[CEF TALK CONTROLLER] Releasing microphone...
[CEF TALK CONTROLLER] Microphone released. Mic is free for the room.
{
 "held": false,
 "method": "",
 "tries": 54,
 "fast_mode": true,
 "presses": 54,
 "time_to_grab_s": 20.34,
 "coords": [
  1331,
  565
 ],
 "released": true,
 "ok": false
}
