[GRAB TEST] attach=True coords=(1331, 565) ctrl=yes cef_hwnd=399994
[GRAB TEST] idle baseline avg=165.02
[GRAB TEST] press rate: hold=60ms gap=110ms (max ~5.9 presses/sec)
[GRAB TEST] FAST MODE: re-pressing continuously, checking flow every poll
[GRAB TEST]   mic is FREE (idle) - pressing and HOLDING
[GRAB TEST]   after hold: speaker='' owned=False
[CEF TALK CONTROLLER] Releasing microphone...
[CEF TALK CONTROLLER] Microphone released. Mic is free for the room.
[GRAB TEST]   mic is FREE (idle) - pressing and HOLDING
[GRAB TEST]   after hold: speaker='' owned=False
[CEF TALK CONTROLLER] Releasing microphone...
[CEF TALK CONTROLLER] Microphone released. Mic is free for the room.
[GRAB TEST]   mic is FREE (idle) - pressing and HOLDING
[GRAB TEST]   after hold: speaker='' owned=False
[CEF TALK CONTROLLER] Releasing microphone...
[CEF TALK CONTROLLER] Microphone released. Mic is free for the room.
[GRAB TEST]   mic is FREE (idle) - pressing and HOLDING
[GRAB TEST]   after hold: speaker='' owned=False
[CEF TALK CONTROLLER] Releasing microphone...
[CEF TALK CONTROLLER] Microphone released. Mic is free for the room.
[GRAB TEST]   mic is FREE (idle) - pressing and HOLDING
[GRAB TEST]   after hold: speaker='' owned=False
[CEF TALK CONTROLLER] Releasing microphone...
[CEF TALK CONTROLLER] Microphone released. Mic is free for the room.
[GRAB TEST]   mic is FREE (idle) - pressing and HOLDING
[GRAB TEST]   after hold: speaker='' owned=False
[CEF TALK CONTROLLER] Releasing microphone...
[CEF TALK CONTROLLER] Microphone released. Mic is free for the room.
[GRAB TEST]   mic is FREE (idle) - pressing and HOLDING
[GRAB TEST]   after hold: speaker='' owned=False
[CEF TALK CONTROLLER] Releasing microphone...
[CEF TALK CONTROLLER] Microphone released. Mic is free for the room.
[GRAB TEST]   mic is FREE (idle) - pressing and HOLDING
[GRAB TEST]   after hold: speaker='' owned=False
[CEF TALK CONTROLLER] Releasing microphone...
[CEF TALK CONTROLLER] Microphone released. Mic is free for the room.
[GRAB TEST]   mic is FREE (idle) - pressing and HOLDING
[GRAB TEST]   after hold: speaker='' owned=False
[CEF TALK CONTROLLER] Releasing microphone...
[CEF TALK CONTROLLER] Microphone released. Mic is free for the room.
[GRAB TEST]   mic is FREE (idle) - pressing and HOLDING
[GRAB TEST]   after hold: speaker='' owned=False
[CEF TALK CONTROLLER] Releasing microphone...
[CEF TALK CONTROLLER] Microphone released. Mic is free for the room.
[GRAB TEST]   mic is FREE (idle) - pressing and HOLDING
[GRAB TEST]   after hold: speaker='' owned=False
[CEF TALK CONTROLLER] Releasing microphone...
[CEF TALK CONTROLLER] Microphone released. Mic is free for the room.
[GRAB TEST]   mic is FREE (idle) - pressing and HOLDING
[GRAB TEST]   after hold: speaker='' owned=False
[CEF TALK CONTROLLER] Releasing microphone...
[CEF TALK CONTROLLER] Microphone released. Mic is free for the room.
[GRAB TEST]   mic is FREE (idle) - pressing and HOLDING
[GRAB TEST]   after hold: speaker='' owned=False
[CEF TALK CONTROLLER] Releasing microphone...
[CEF TALK CONTROLLER] Microphone released. Mic is free for the room.
[GRAB TEST]   mic is FREE (idle) - pressing and HOLDING
[GRAB TEST]   after hold: speaker='' owned=False
[CEF TALK CONTROLLER] Releasing microphone...
[CEF TALK CONTROLLER] Microphone released. Mic is free for the room.
[GRAB TEST]   mic is FREE (idle) - pressing and HOLDING
[GRAB TEST]   after hold: speaker='' owned=False
[CEF TALK CONTROLLER] Releasing microphone...
[CEF TALK CONTROLLER] Microphone released. Mic is free for the room.
[GRAB TEST]   mic is FREE (idle) - pressing and HOLDING
[GRAB TEST]   after hold: speaker='' owned=False
[CEF TALK CONTROLLER] Releasing microphone...
[CEF TALK CONTROLLER] Microphone released. Mic is free for the room.
[GRAB TEST]   mic is FREE (idle) - pressing and HOLDING
[GRAB TEST]   after hold: speaker='' owned=False
[CEF TALK CONTROLLER] Releasing microphone...
[CEF TALK CONTROLLER] Microphone released. Mic is free for the room.
[GRAB TEST]   mic is FREE (idle) - pressing and HOLDING
[GRAB TEST]   after hold: speaker='' owned=False
[CEF TALK CONTROLLER] Releasing microphone...
[CEF TALK CONTROLLER] Microphone released. Mic is free for the room.
[GRAB TEST]   mic is FREE (idle) - pressing and HOLDING
[GRAB TEST]   after hold: speaker='' owned=False
[CEF TALK CONTROLLER] Releasing microphone...
[CEF TALK CONTROLLER] Microphone released. Mic is free for the room.
[GRAB TEST]   mic is FREE (idle) - pressing and HOLDING
[GRAB TEST]   after hold: speaker='' owned=False
[CEF TALK CONTROLLER] Releasing microphone...
[CEF TALK CONTROLLER] Microphone released. Mic is free for the room.
[GRAB TEST]   mic is FREE (idle) - pressing and HOLDING
[GRAB TEST]   after hold: speaker='' owned=False
[CEF TALK CONTROLLER] Releasing microphone...
[CEF TALK CONTROLLER] Microphone released. Mic is free for the room.
[GRAB TEST]   mic is FREE (idle) - pressing and HOLDING
[GRAB TEST]   after hold: speaker='' owned=False
[CEF TALK CONTROLLER] Releasing microphone...
[CEF TALK CONTROLLER] Microphone released. Mic is free for the room.
[GRAB TEST]   mic is FREE (idle) - pressing and HOLDING
[GRAB TEST]   after hold: speaker='' owned=False
[CEF TALK CONTROLLER] Releasing microphone...
[CEF TALK CONTROLLER] Microphone released. Mic is free for the room.
[GRAB TEST]   mic is FREE (idle) - pressing and HOLDING
[GRAB TEST]   after hold: speaker='' owned=False
[CEF TALK CONTROLLER] Releasing microphone...
[CEF TALK CONTROLLER] Microphone released. Mic is free for the room.
[GRAB TEST]   mic is FREE (idle) - pressing and HOLDING
[GRAB TEST]   after hold: speaker='' owned=False
[CEF TALK CONTROLLER] Releasing microphone...
[CEF TALK CONTROLLER] Microphone released. Mic is free for the room.
[GRAB TEST]   mic is FREE (idle) - pressing and HOLDING
[GRAB TEST]   after hold: speaker='' owned=False
[CEF TALK CONTROLLER] Releasing microphone...
[CEF TALK CONTROLLER] Microphone released. Mic is free for the room.
[GRAB TEST]   mic is FREE (idle) - pressing and HOLDING
[GRAB TEST]   after hold: speaker='' owned=False
[CEF TALK CONTROLLER] Releasing microphone...
[CEF TALK CONTROLLER] Microphone released. Mic is free for the room.
[GRAB TEST]   mic is FREE (idle) - pressing and HOLDING
[GRAB TEST]   after hold: speaker='' owned=False
[CEF TALK CONTROLLER] Releasing microphone...
[CEF TALK CONTROLLER] Microphone released. Mic is free for the room.
[GRAB TEST]   mic is FREE (idle) - pressing and HOLDING
[GRAB TEST]   after hold: speaker='' owned=False
[CEF TALK CONTROLLER] Releasing microphone...
[CEF TALK CONTROLLER] Microphone released. Mic is free for the room.
[GRAB TEST]   mic is FREE (idle) - pressing and HOLDING
[GRAB TEST]   after hold: speaker='' owned=False
[CEF TALK CONTROLLER] Releasing microphone...
[CEF TALK CONTROLLER] Microphone released. Mic is free for the room.
[GRAB TEST]   mic is FREE (idle) - pressing and HOLDING
[GRAB TEST]   after hold: speaker='' owned=False
[CEF TALK CONTROLLER] Releasing microphone...
[CEF TALK CONTROLLER] Microphone released. Mic is free for the room.
[GRAB TEST]   mic is FREE (idle) - pressing and HOLDING
[GRAB TEST]   after hold: speaker='' owned=False
[CEF TALK CONTROLLER] Releasing microphone...
[CEF TALK CONTROLLER] Microphone released. Mic is free for the room.
[GRAB TEST]   mic is FREE (idle) - pressing and HOLDING
[GRAB TEST]   after hold: speaker='' owned=False
[CEF TALK CONTROLLER] Releasing microphone...
[CEF TALK CONTROLLER] Microphone released. Mic is free for the room.
[GRAB TEST]   mic is FREE (idle) - pressing and HOLDING
[GRAB TEST]   after hold: speaker='' owned=False
[CEF TALK CONTROLLER] Releasing microphone...
[CEF TALK CONTROLLER] Microphone released. Mic is free for the room.
[GRAB TEST]   mic is FREE (idle) - pressing and HOLDING
[GRAB TEST]   after hold: speaker='' owned=False
[CEF TALK CONTROLLER] Releasing microphone...
[CEF TALK CONTROLLER] Microphone released. Mic is free for the room.
[GRAB TEST]   mic is FREE (idle) - pressing and HOLDING
[GRAB TEST]   after hold: speaker='' owned=False
[CEF TALK CONTROLLER] Releasing microphone...
[CEF TALK CONTROLLER] Microphone released. Mic is free for the room.
[GRAB TEST]   mic is FREE (idle) - pressing and HOLDING
[GRAB TEST]   after hold: speaker='' owned=False
[CEF TALK CONTROLLER] Releasing microphone...
[CEF TALK CONTROLLER] Microphone released. Mic is free for the room.
[GRAB TEST]   mic is FREE (idle) - pressing and HOLDING
[GRAB TEST]   after hold: speaker='' owned=False
[CEF TALK CONTROLLER] Releasing microphone...
[CEF TALK CONTROLLER] Microphone released. Mic is free for the room.
[GRAB TEST]   mic is FREE (idle) - pressing and HOLDING
[GRAB TEST]   after hold: speaker='' owned=False
[CEF TALK CONTROLLER] Releasing microphone...
[CEF TALK CONTROLLER] Microphone released. Mic is free for the room.
[GRAB TEST]   mic is FREE (idle) - pressing and HOLDING
[GRAB TEST]   after hold: speaker='' owned=False
[CEF TALK CONTROLLER] Releasing microphone...
[CEF TALK CONTROLLER] Microphone released. Mic is free for the room.
[GRAB TEST]   mic is FREE (idle) - pressing and HOLDING
[GRAB TEST]   after hold: speaker='' owned=False
[CEF TALK CONTROLLER] Releasing microphone...
[CEF TALK CONTROLLER] Microphone released. Mic is free for the room.
[GRAB TEST]   mic is FREE (idle) - pressing and HOLDING
